[html.rometheme.pro/pets/index.html]
[backblue.gif]
[fade.gif]
[index.html]
[html.rometheme.pro/pets/images/favicon.ico]
[html.rometheme.pro/pets/images/apple-touch-icon.png]
[html.rometheme.pro/pets/images/apple-touch-icon-72x72.png]
[html.rometheme.pro/pets/images/apple-touch-icon-114x114.png]
[html.rometheme.pro/pets/css/vendor/bootstrap.min.css]
[html.rometheme.pro/pets/css/vendor/font-awesome.min.css]
[html.rometheme.pro/pets/css/vendor/owl.carousel.min.css]
[html.rometheme.pro/pets/css/vendor/owl.theme.default.min.css]
[html.rometheme.pro/pets/css/vendor/magnific-popup.css]
[html.rometheme.pro/pets/css/vendor/animate.min.css]
[html.rometheme.pro/pets/css/style.css]
[html.rometheme.pro/pets/js/vendor/modernizr.min.js]
[html.rometheme.pro/pets/images/logo.png]
[html.rometheme.pro/pets/pets-shop.html]
[html.rometheme.pro/pets/about-us.html]
[html.rometheme.pro/pets/services.html]
[html.rometheme.pro/pets/services-single.html]
[html.rometheme.pro/pets/page-faq.html]
[html.rometheme.pro/pets/page-our-staff.html]
[html.rometheme.pro/pets/page-single-staff.html]
[html.rometheme.pro/pets/page-appointment-form.html]
[html.rometheme.pro/pets/page-pricing-tables.html]
[html.rometheme.pro/pets/page-404.html]
[html.rometheme.pro/pets/gallery.html]
[html.rometheme.pro/pets/blog.html]
[html.rometheme.pro/pets/blog-single.html]
[html.rometheme.pro/pets/shop.html]
[html.rometheme.pro/pets/shop-list.html]
[html.rometheme.pro/pets/shop-single.html]
[html.rometheme.pro/pets/contact.html]
[html.rometheme.pro/pets/images/home01.jpg]
[html.rometheme.pro/pets/images/home02.jpg]
[html.rometheme.pro/pets/images/home03.jpg]
[html.rometheme.pro/pets/images/services01.jpg]
[html.rometheme.pro/pets/images/services02.jpg]
[html.rometheme.pro/pets/images/services03.jpg]
[html.rometheme.pro/pets/images/vet05.jpg]
[html.rometheme.pro/pets/images/vet06.jpg]
[html.rometheme.pro/pets/images/vet07.jpg]
[html.rometheme.pro/pets/images/team-1.jpg]
[html.rometheme.pro/pets/images/team-2.jpg]
[html.rometheme.pro/pets/images/team-3.jpg]
[html.rometheme.pro/pets/images/team-4.jpg]
[html.rometheme.pro/pets/images/blog-img-1.jpg]
[html.rometheme.pro/pets/images/blog-img-2.jpg]
[html.rometheme.pro/pets/images/blog-img-3.jpg]
[html.rometheme.pro/pets/images/product_promo.png]
[html.rometheme.pro/pets/images/client1.png]
[html.rometheme.pro/pets/images/client2.png]
[html.rometheme.pro/pets/images/client3.png]
[html.rometheme.pro/pets/images/client4.png]
[html.rometheme.pro/pets/images/client5.png]
[html.rometheme.pro/pets/images/client6.png]
[html.rometheme.pro/pets/images/logo_w.png]
[html.rometheme.pro/pets/images/payment.png]
[html.rometheme.pro/pets/js/vendor/jquery.min.js]
[html.rometheme.pro/pets/js/vendor/bootstrap.min.js]
[html.rometheme.pro/pets/js/vendor/owl.carousel.js]
[html.rometheme.pro/pets/js/vendor/validator.min.js]
[html.rometheme.pro/pets/js/vendor/form-scripts.js]
[html.rometheme.pro/pets/js/vendor/jquery.magnific-popup.min.js]
[html.rometheme.pro/pets/index.html]
[html.rometheme.pro/pets/css/vendor/bootstrap.min.css]
[html.rometheme.pro/pets/js/script.js]
[html.rometheme.pro/pets/fonts/fontawesome-webfont862f.woff]
[html.rometheme.pro/pets/fonts/fontawesome-webfontd41d.eot]
[html.rometheme.pro/pets/css/vendor/font-awesome.min.css]
[html.rometheme.pro/pets/fonts/fontawesome-webfont862f.ttf]
[html.rometheme.pro/pets/fonts/fontawesome-webfont862f.svg]
[html.rometheme.pro/pets/css/vendor/owl.carousel.min.css]
[html.rometheme.pro/pets/css/vendor/owl.theme.default.min.css]
[html.rometheme.pro/pets/css/vendor/magnific-popup.css]
[html.rometheme.pro/pets/css/vendor/animate.min.css]
[html.rometheme.pro/pets/fonts/sas-webfontc56b.eot]
[html.rometheme.pro/pets/fonts/sas-webfontc56b.woff2]
[html.rometheme.pro/pets/fonts/sas-webfontc56b.woff]
[html.rometheme.pro/pets/fonts/sas-webfontc56b.ttf]
[html.rometheme.pro/pets/fonts/sas-webfontc56b.svg]
[html.rometheme.pro/pets/images/cd-top-arrow.svg]
[html.rometheme.pro/pets/images/cd-icon-controller.svg]
[html.rometheme.pro/pets/css/style.css]
[html.rometheme.pro/pets/images/shop-img-1.jpg]
[html.rometheme.pro/pets/images/shop-img-2.jpg]
[html.rometheme.pro/pets/images/shop-img-3.jpg]
[html.rometheme.pro/pets/images/shop-img-4.jpg]
[html.rometheme.pro/pets/images/shop-img-5.jpg]
[html.rometheme.pro/pets/images/shop-img-6.jpg]
[html.rometheme.pro/pets/images/shop-img-7.jpg]
[html.rometheme.pro/pets/images/shop-img-8.jpg]
[html.rometheme.pro/pets/images/shop-img-9.jpg]
[html.rometheme.pro/pets/images/shop-img-10.jpg]
[html.rometheme.pro/pets/images/shop-img-11.jpg]
[html.rometheme.pro/pets/images/shop-img-12.jpg]
[html.rometheme.pro/pets/pets-shop.html]
[html.rometheme.pro/pets/images/about_our_clinic.jpg]
[html.rometheme.pro/pets/about-us.html]
[html.rometheme.pro/pets/images/services04.jpg]
[html.rometheme.pro/pets/images/services05.jpg]
[html.rometheme.pro/pets/images/services06.jpg]
[html.rometheme.pro/pets/services.html]
[html.rometheme.pro/pets/images/services-img-detail.jpg]
[html.rometheme.pro/pets/services-single.html]
[html.rometheme.pro/pets/images/about02.jpg]
[html.rometheme.pro/pets/page-faq.html]
[html.rometheme.pro/pets/images/vet08.jpg]
[html.rometheme.pro/pets/images/vet09.jpg]
[html.rometheme.pro/pets/images/vet10.jpg]
[html.rometheme.pro/pets/page-our-staff.html]
[html.rometheme.pro/pets/page-single-staff.html]
[html.rometheme.pro/pets/images/appointment_img.jpg]
[html.rometheme.pro/pets/page-appointment-form.html]
[html.rometheme.pro/pets/page-pricing-tables.html]
[html.rometheme.pro/pets/page-404.html]
[html.rometheme.pro/pets/images/gallery-1.jpg]
[html.rometheme.pro/pets/images/gallery-2.jpg]
[html.rometheme.pro/pets/images/gallery-3.jpg]
[html.rometheme.pro/pets/images/gallery-4.jpg]
[html.rometheme.pro/pets/images/gallery-5.jpg]
[html.rometheme.pro/pets/fonts/fontawesome-webfont862f.eot]
[html.rometheme.pro/pets/images/gallery-6.jpg]
[html.rometheme.pro/pets/gallery.html]
[html.rometheme.pro/pets/images/blog-img-4.jpg]
[html.rometheme.pro/pets/images/blog-img-5.jpg]
[html.rometheme.pro/pets/images/blog-img-6.jpg]
[html.rometheme.pro/pets/blog.html]
[html.rometheme.pro/pets/images/blog-preview-img.jpg]
[html.rometheme.pro/pets/images/testimony-thumb-3.jpg]
[html.rometheme.pro/pets/images/testimony-thumb-1.jpg]
[html.rometheme.pro/pets/images/testimony-thumb-2.jpg]
[html.rometheme.pro/pets/images/pattern_bg.jpg]
[html.rometheme.pro/pets/images/statistic_bg.jpg]
[html.rometheme.pro/pets/blog-single.html]
[html.rometheme.pro/pets/shop.html]
[html.rometheme.pro/pets/shop-list.html]
[html.rometheme.pro/pets/images/shop-img-detail.jpg]
[html.rometheme.pro/pets/shop-single.html]
[html.rometheme.pro/pets/contact.html]
[html.rometheme.pro/pets/js/googlemap-setting.js]
[html.rometheme.pro/pets/fonts/fontawesome-webfont862f.svg]
[html.rometheme.pro/pets/css/vendor/owl.video.play.html]
[html.rometheme.pro/pets/fonts/sas-webfontc56b.svg]
[html.rometheme.pro/pets/images/cd-top-arrow.svg]
[html.rometheme.pro/pets/images/cd-icon-controller.svg]
